// Jest Snapshot v1, https://goo.gl/fbAQLP

exports[`GlobalHead should render correctly 1`] = `
<DocumentFragment>
  <title>
    Swiggy Clone
  </title>
  <link
    href="https://fonts.googleapis.com/css?family=Roboto:300,400,500"
    rel="stylesheet"
  />
  <meta
    content="minimum-scale=1, initial-scale=1, width=device-width"
    name="viewport"
  />
  <link
    href="/images/favicon.ico"
    rel="icon"
    sizes="16x16"
    type="image/png"
  />
  <link
    href="/images/favicon.ico"
    rel="icon"
    sizes="32x32"
    type="image/png"
  />
  <link
    href="/images/favicon.ico"
    rel="icon"
    sizes="96x96"
    type="image/png"
  />
  <link
    href="https://cdnjs.cloudflare.com/ajax/libs/ag-grid/19.1.4/styles/ag-grid.css"
    rel="stylesheet"
  />
  <link
    href="https://cdnjs.cloudflare.com/ajax/libs/ag-grid/19.1.4/styles/ag-theme-balham.css"
    rel="stylesheet"
  />
  <link
    href="https://maxcdn.bootstrapcdn.com/bootstrap/3.3.7/css/bootstrap.min.css"
    rel="stylesheet"
  />
</DocumentFragment>
`;
